
> hono-idempotency@0.1.0 test
> tap

TAP version 14
1..5
# Subtest: tests/dynamodb.test.ts
    # Subtest: DynamoDbIdempotencyStore - initialization
        ok 1 - store should be created
        1..1
    ok 1 - DynamoDbIdempotencyStore - initialization # time=1.823ms
    
    # Subtest: DynamoDbIdempotencyStore - initialization with custom table name
        ok 1 - store should be created with custom table
        1..1
    ok 2 - DynamoDbIdempotencyStore - initialization with custom table name # time=0.279ms
    
    # Subtest: DynamoDbIdempotencyStore - lookup with empty store
        ok 1 - byKey should be null
        ok 2 - byFingerprint should be null
        1..2
    ok 3 - DynamoDbIdempotencyStore - lookup with empty store # time=2.229ms
    
    # Subtest: DynamoDbIdempotencyStore - startProcessing creates record
        ok 1 - should have called PutCommand
        ok 2 - key should match
        ok 3 - fingerprint should match
        ok 4 - status should be processing
        ok 5 - expiresAt should be in expected range
        1..5
    ok 4 - DynamoDbIdempotencyStore - startProcessing creates record # time=0.52ms
    
    # Subtest: DynamoDbIdempotencyStore - complete updates record
        ok 1 - should have called UpdateCommand
        ok 2 - key should match
        ok 3 - table name should match
        ok 4 - should have UpdateExpression
        ok 5 - should have ConditionExpression
        ok 6 - should have ExpressionAttributeValues
        1..6
    ok 5 - DynamoDbIdempotencyStore - complete updates record # time=0.469ms
    
    # Subtest: DynamoDbIdempotencyStore - complete throws on missing key
        ok 1 - should throw error
        ok 2 - error message should mention record not found
        1..2
    ok 6 - DynamoDbIdempotencyStore - complete throws on missing key # time=0.705ms
    
    # Subtest: DynamoDbIdempotencyStore - lookup filters expired records
        ok 1 - byKey should be null for expired record
        ok 2 - byFingerprint should be null for expired record
        1..2
    ok 7 - DynamoDbIdempotencyStore - lookup filters expired records # time=0.42ms
    
    # Subtest: DynamoDbIdempotencyStore - lookup by fingerprint only
        ok 1 - byKey should be null
        ok 2 - byFingerprint should be found
        ok 3 - key should match fingerprint record
        ok 4 - status should match
        ok 5 - response status should match
        1..5
    ok 8 - DynamoDbIdempotencyStore - lookup by fingerprint only # time=0.462ms
    
    # Subtest: DynamoDbIdempotencyStore - cleanup is no-op
        ok 1 - cleanup should be no-op
        1..1
    ok 9 - DynamoDbIdempotencyStore - cleanup is no-op # time=0.131ms
    
    1..9
ok 1 - tests/dynamodb.test.ts # time=1013.867ms

# Subtest: tests/fingerprint.test.ts
    # Subtest: generateFingerprint - identical JSON produces identical hash
        ok 1 - fingerprints should match for equivalent JSON
        ok 2 - fingerprint should be non-empty
        1..2
    ok 1 - generateFingerprint - identical JSON produces identical hash # time=8.509ms
    
    # Subtest: generateFingerprint - excludes root-level fields
        ok 1 - fingerprints should match when excluded field differs
        1..1
    ok 2 - generateFingerprint - excludes root-level fields # time=0.267ms
    
    # Subtest: generateFingerprint - excludes nested fields via JSONPath
        ok 1 - fingerprints should match when nested field excluded
        1..1
    ok 3 - generateFingerprint - excludes nested fields via JSONPath # time=1.464ms
    
    # Subtest: generateFingerprint - handles non-JSON bodies
        ok 1 - identical plain text should have same fingerprint
        ok 2 - different plain text should have different fingerprint
        1..2
    ok 4 - generateFingerprint - handles non-JSON bodies # time=0.232ms
    
    # Subtest: generateFingerprint - handles empty body
        ok 1 - should handle empty string
        ok 2 - should handle empty JSON
        ok 3 - empty string and empty JSON should differ
        1..3
    ok 5 - generateFingerprint - handles empty body # time=0.148ms
    
    # Subtest: generateFingerprint - handles arrays
        ok 1 - arrays should be handled correctly
        1..1
    ok 6 - generateFingerprint - handles arrays # time=0.116ms
    
    1..6
ok 2 - tests/fingerprint.test.ts # time=884.625ms

# Subtest: tests/middleware.test.ts
    # Subtest: middleware - passes through GET requests
        ok 1 - should return 200
        ok 2 - should return handler response
        1..2
    ok 1 - middleware - passes through GET requests # time=22.053ms
    
    # Subtest: middleware - POST without key when optional
        ok 1 - should allow request without key
        1..1
    ok 2 - middleware - POST without key when optional # time=0.904ms
    
    # Subtest: middleware - POST without key when required
        ok 1 - should return 400
        ok 2 - should indicate header is required
        1..2
    ok 3 - middleware - POST without key when required # time=0.805ms
    
    # Subtest: middleware - validates key length
        ok 1 - should return 400 for too-long key
        ok 2 - should indicate max length
        1..2
    ok 4 - middleware - validates key length # time=0.636ms
    
    # Subtest: middleware - validates empty key
        ok 1 - should return 400 for empty key
        1..1
    ok 5 - middleware - validates empty key # time=0.326ms
    
    # Subtest: middleware - first request with new key
        ok 1 - should return handler response
        ok 2 - should return correct body
        ok 3 - should not be replayed
        1..3
    ok 6 - middleware - first request with new key # time=2.654ms
    
    # Subtest: middleware - replays cached response
        ok 1 - first request should succeed
        ok 2 - handler should be called once
        ok 3 - cached response should have same status
        ok 4 - handler should not be called again
        ok 5 - should have replay header
        ok 6 - should return cached body
        1..6
    ok 7 - middleware - replays cached response # time=1.536ms
    
    # Subtest: middleware - detects concurrent processing
        ok 1 - one success and one conflict
        ok 2 - should indicate concurrent processing
        1..2
    ok 8 - middleware - detects concurrent processing # time=102.699ms
    
    # Subtest: middleware - detects same key with different payload
        ok 1 - should return 422
        ok 2 - should indicate payload mismatch
        1..2
    ok 9 - middleware - detects same key with different payload # time=0.971ms
    
    # Subtest: middleware - detects duplicate request with different key
        ok 1 - should return 409
        ok 2 - should indicate different key
        1..2
    ok 10 - middleware - detects duplicate request with different key # time=0.657ms
    
    # Subtest: middleware - PATCH method is protected
        ok 1 - should replay cached response
        ok 2 - handler called only once
        1..2
    ok 11 - middleware - PATCH method is protected # time=0.631ms
    
    # Subtest: middleware - custom header name
        ok 1 - should work with custom header name
        1..1
    ok 12 - middleware - custom header name # time=0.597ms
    
    # Subtest: middleware - field exclusion works
        ok 1 - should replay despite timestamp difference
        ok 2 - handler called only once
        1..2
    ok 13 - middleware - field exclusion works # time=0.509ms
    
    1..13
ok 3 - tests/middleware.test.ts # time=1041.622ms

# Subtest: tests/redis.test.ts
    # Subtest: RedisIdempotencyStore - initialization
        ok 1 - store should be created
        1..1
    ok 1 - RedisIdempotencyStore - initialization # time=3.932ms
    
    # Subtest: RedisIdempotencyStore - lookup with empty store
        ok 1 - byKey should be null
        ok 2 - byFingerprint should be null
        1..2
    ok 2 - RedisIdempotencyStore - lookup with empty store # time=2.463ms
    
    # Subtest: RedisIdempotencyStore - startProcessing creates keys
        ok 1 - record should exist by key
        ok 2 - record should exist by fingerprint
        ok 3 - status should be processing
        ok 4 - key should match
        ok 5 - fingerprint should match
        ok 6 - should have future expiration
        1..6
    ok 3 - RedisIdempotencyStore - startProcessing creates keys # time=1.259ms
    
    # Subtest: RedisIdempotencyStore - complete updates record
        ok 1 - status should be complete
        ok 2 - response should be stored
        ok 3 - response status should match
        ok 4 - response headers should match
        ok 5 - response body should match
        1..5
    ok 4 - RedisIdempotencyStore - complete updates record # time=1.636ms
    
    # Subtest: RedisIdempotencyStore - cleanup is no-op
        ok 1 - record should still exist after cleanup
        1..1
    ok 5 - RedisIdempotencyStore - cleanup is no-op # time=0.592ms
    
    # Subtest: RedisIdempotencyStore - complete throws on missing key
        ok 1 - should throw error for missing key
        1..1
    ok 6 - RedisIdempotencyStore - complete throws on missing key # time=0.831ms
    
    # Subtest: RedisIdempotencyStore - lookup with different key and fingerprint
        ok 1 - should not find by different key
        ok 2 - should find by matching fingerprint
        ok 3 - fingerprint should point to key-1
        1..3
    ok 7 - RedisIdempotencyStore - lookup with different key and fingerprint # time=0.824ms
    
    # Subtest: RedisIdempotencyStore - handles pipeline errors gracefully
        ok 1 - should throw error on connection failure
        1..1
    ok 8 - RedisIdempotencyStore - handles pipeline errors gracefully # time=0.589ms
    
    1..8
ok 4 - tests/redis.test.ts # time=961.323ms

# Subtest: tests/sqlite.test.ts
    # Subtest: SqliteIdempotencyStore - initialization
        ok 1 - store should be created
        1..1
    ok 1 - SqliteIdempotencyStore - initialization # time=8.745ms
    
    # Subtest: SqliteIdempotencyStore - lookup with empty store
        ok 1 - byKey should be null
        ok 2 - byFingerprint should be null
        1..2
    ok 2 - SqliteIdempotencyStore - lookup with empty store # time=1.901ms
    
    # Subtest: SqliteIdempotencyStore - startProcessing creates record
        ok 1 - record should exist by key
        ok 2 - record should exist by fingerprint
        ok 3 - status should be processing
        ok 4 - key should match
        ok 5 - fingerprint should match
        ok 6 - should have future expiration
        1..6
    ok 3 - SqliteIdempotencyStore - startProcessing creates record # time=0.757ms
    
    # Subtest: SqliteIdempotencyStore - complete updates record
        ok 1 - status should be complete
        ok 2 - response should be stored
        ok 3 - response status should match
        1..3
    ok 4 - SqliteIdempotencyStore - complete updates record # time=0.357ms
    
    # Subtest: SqliteIdempotencyStore - cleanup removes expired records
        ok 1 - expired record should be removed by key
        ok 2 - expired record should be removed by fingerprint
        ok 3 - valid record should remain
        ok 4 - valid record should remain
        1..4
    ok 5 - SqliteIdempotencyStore - cleanup removes expired records # time=0.364ms
    
    # Subtest: SqliteIdempotencyStore - complete throws on missing key
        ok 1 - should throw error for missing key
        1..1
    ok 6 - SqliteIdempotencyStore - complete throws on missing key # time=0.617ms
    
    # Subtest: SqliteIdempotencyStore - lookup with different key and fingerprint
        ok 1 - should not find by different key
        ok 2 - should find by matching fingerprint
        1..2
    ok 7 - SqliteIdempotencyStore - lookup with different key and fingerprint # time=0.56ms
    
    # Subtest: SqliteIdempotencyStore - persistence across instances
        ok 1 - persistence pattern implemented
        1..1
    ok 8 - SqliteIdempotencyStore - persistence across instances # time=0.24ms
    
    # Subtest: SqliteIdempotencyStore - limited cleanup during lookup
        ok 1 - limited cleanup completed
        1..1
    ok 9 - SqliteIdempotencyStore - limited cleanup during lookup # time=0.521ms
    
    1..9
ok 5 - tests/sqlite.test.ts # time=914.301ms

-----------------|---------|----------|---------|---------|-------------------
File             | % Stmts | % Branch | % Funcs | % Lines | Uncovered Line #s 
-----------------|---------|----------|---------|---------|-------------------
All files        |    96.9 |    88.88 |     100 |    96.9 |                   
 src             |   94.05 |    93.75 |     100 |   94.05 |                   
  fingerprint.ts |   97.22 |    95.23 |     100 |   97.22 | 44-45             
  middleware.ts  |    92.3 |    92.59 |     100 |    92.3 | 19-23,116-120     
 src/store       |   98.41 |    84.31 |     100 |   98.41 |                   
  dynamodb.ts    |   98.56 |    78.94 |     100 |   98.56 | 132-133           
  redis.ts       |   96.19 |    81.25 |     100 |   96.19 | 29-30,98-99       
  sqlite.ts      |     100 |    93.75 |     100 |     100 | 8                 
-----------------|---------|----------|---------|---------|-------------------
# { total: 104, pass: 104 }
# time=1072.141ms
